// Jest Snapshot v1, https://goo.gl/fbAQLP

exports[`WidgetLayout renders without crashing 1`] = `
<div>
  <div
    data-testid="widget-test-widget#1"
  >
    Test Widget Content
  </div>
</div>
`;

